// Jest Snapshot v1, https://goo.gl/fbAQLP

exports[`Renders renderer component. 1`] = `
<div
  className="makeStyles-section-1"
>
  <div
    className="MuiGrid-root makeStyles-grid-9  MuiGrid-container MuiGrid-justify-xs-center"
  >
    <div
      className="MuiGrid-root makeStyles-grid-113  MuiGrid-item MuiGrid-grid-xs-12 MuiGrid-grid-sm-10 MuiGrid-grid-md-10"
    >
      <div
        className="MuiGrid-root makeStyles-grid-9  MuiGrid-container"
      >
        <div
          className="MuiGrid-root makeStyles-grid-113  MuiGrid-item MuiGrid-grid-xs-12 MuiGrid-grid-sm-4 MuiGrid-grid-md-4"
        >
          <div
            className="makeStyles-card-114 makeStyles-cardPlain-115 makeStyles-cardProduct-122 makeStyles-customProduct-8"
          >
            <div
              className="makeStyles-cardHeader-129 makeStyles-cardHeaderImage-131 makeStyles-noShadow-132"
            >
              <a
                href="https://www.johnlewis.com/john-lewis-partners-geneva-large-weekend-holdall/blue/p1807673"
                rel="noopener noreferrer"
                target="_blank"
              >
                <img
                  alt=".."
                  className="makeStyles-productImage-3"
                  src="https://johnlewis.scene7.com/is/image/JohnLewis/234172546?$rsp-pdp-port-1440$"
                />
              </a>
              <a
                href="https://www.johnlewis.com/john-lewis-partners-geneva-large-weekend-holdall/blue/p1807673"
                rel="noopener noreferrer"
                target="_blank"
              >
                <h4
                  className="makeStyles-cardTitle-4"
                >
                  John Lewis and Partners
                </h4>
              </a>
              <div
                className="makeStyles-description-5"
              >
                John Lewis & Partners Geneva Large Weekend Holdall, Blue.
              </div>
              <div
                className="makeStyles-priceContainer-6"
              >
                <span
                  className="makeStyles-price-7"
                >
                   
                  £75.00
                </span>
              </div>
            </div>
            <div
              className="makeStyles-cardBody-141 makeStyles-cardBodyPlain-143"
            >
              <button
                className="MuiButtonBase-root MuiButton-root MuiButton-text makeStyles-button-148 makeStyles-primary-150"
                disabled={false}
                onBlur={[Function]}
                onDragLeave={[Function]}
                onFocus={[Function]}
                onKeyDown={[Function]}
                onKeyUp={[Function]}
                onMouseDown={[Function]}
                onMouseLeave={[Function]}
                onMouseUp={[Function]}
                onTouchEnd={[Function]}
                onTouchMove={[Function]}
                onTouchStart={[Function]}
                tabIndex={0}
                type="button"
              >
                <span
                  className="MuiButton-label"
                >
                  <i
                    className="fab fa-amazon"
                  />
                   Buy Now
                </span>
              </button>
              <button
                className="MuiButtonBase-root MuiButton-root MuiButton-text makeStyles-button-148 makeStyles-info-152"
                disabled={false}
                onBlur={[Function]}
                onDragLeave={[Function]}
                onFocus={[Function]}
                onKeyDown={[Function]}
                onKeyUp={[Function]}
                onMouseDown={[Function]}
                onMouseLeave={[Function]}
                onMouseUp={[Function]}
                onTouchEnd={[Function]}
                onTouchMove={[Function]}
                onTouchStart={[Function]}
                tabIndex={0}
                type="button"
              >
                <span
                  className="MuiButton-label"
                >
                  <svg
                    aria-hidden="true"
                    className="MuiSvgIcon-root"
                    focusable="false"
                    role="presentation"
                    viewBox="0 0 24 24"
                  >
                    <path
                      d="M14 10H2v2h12v-2zm0-4H2v2h12V6zm4 8v-4h-2v4h-4v2h4v4h2v-4h4v-2h-4zM2 16h8v-2H2v2z"
                    />
                  </svg>
                   Add To List
                </span>
              </button>
            </div>
          </div>
        </div>
        <div
          className="MuiGrid-root makeStyles-grid-113  MuiGrid-item MuiGrid-grid-xs-12 MuiGrid-grid-sm-4 MuiGrid-grid-md-4"
        >
          <div
            className="makeStyles-card-114 makeStyles-cardPlain-115 makeStyles-cardProduct-122 makeStyles-customProduct-8"
          >
            <div
              className="makeStyles-cardHeader-129 makeStyles-cardHeaderImage-131 makeStyles-noShadow-132"
            >
              <a
                href="https://www.amazon.co.uk/Burts-Bees-Percentage-Overnight-Ultra-Conditioning/dp/B07C3BLZRN"
                rel="noopener noreferrer"
                target="_blank"
              >
                <img
                  alt=".."
                  className="makeStyles-productImage-3"
                  src="https://images-na.ssl-images-amazon.com/images/I/71yUvdw8UIL._SX679_.jpg"
                />
              </a>
              <a
                href="https://www.amazon.co.uk/Burts-Bees-Percentage-Overnight-Ultra-Conditioning/dp/B07C3BLZRN"
                rel="noopener noreferrer"
                target="_blank"
              >
                <h4
                  className="makeStyles-cardTitle-4"
                >
                  Burt's Bees
                </h4>
              </a>
              <div
                className="makeStyles-description-5"
              >
                Burt's Bees 100 Percentage Natural Overnight Intensive Lip Treatment, Ultra-Conditioning Lip Care, 7.08 g.
              </div>
              <div
                className="makeStyles-priceContainer-6"
              >
                <span
                  className="makeStyles-price-7"
                >
                   
                  £6.99
                </span>
              </div>
            </div>
            <div
              className="makeStyles-cardBody-141 makeStyles-cardBodyPlain-143"
            >
              <button
                className="MuiButtonBase-root MuiButton-root MuiButton-text makeStyles-button-148 makeStyles-primary-150"
                disabled={false}
                onBlur={[Function]}
                onDragLeave={[Function]}
                onFocus={[Function]}
                onKeyDown={[Function]}
                onKeyUp={[Function]}
                onMouseDown={[Function]}
                onMouseLeave={[Function]}
                onMouseUp={[Function]}
                onTouchEnd={[Function]}
                onTouchMove={[Function]}
                onTouchStart={[Function]}
                tabIndex={0}
                type="button"
              >
                <span
                  className="MuiButton-label"
                >
                  <i
                    className="fab fa-amazon"
                  />
                   Buy Now
                </span>
              </button>
              <button
                className="MuiButtonBase-root MuiButton-root MuiButton-text makeStyles-button-148 makeStyles-info-152"
                disabled={false}
                onBlur={[Function]}
                onDragLeave={[Function]}
                onFocus={[Function]}
                onKeyDown={[Function]}
                onKeyUp={[Function]}
                onMouseDown={[Function]}
                onMouseLeave={[Function]}
                onMouseUp={[Function]}
                onTouchEnd={[Function]}
                onTouchMove={[Function]}
                onTouchStart={[Function]}
                tabIndex={0}
                type="button"
              >
                <span
                  className="MuiButton-label"
                >
                  <svg
                    aria-hidden="true"
                    className="MuiSvgIcon-root"
                    focusable="false"
                    role="presentation"
                    viewBox="0 0 24 24"
                  >
                    <path
                      d="M14 10H2v2h12v-2zm0-4H2v2h12V6zm4 8v-4h-2v4h-4v2h4v4h2v-4h4v-2h-4zM2 16h8v-2H2v2z"
                    />
                  </svg>
                   Add To List
                </span>
              </button>
            </div>
          </div>
        </div>
        <div
          className="MuiGrid-root makeStyles-grid-113  MuiGrid-item MuiGrid-grid-xs-12 MuiGrid-grid-sm-4 MuiGrid-grid-md-4"
        >
          <div
            className="makeStyles-card-114 makeStyles-cardPlain-115 makeStyles-cardProduct-122 makeStyles-customProduct-8"
          >
            <div
              className="makeStyles-cardHeader-129 makeStyles-cardHeaderImage-131 makeStyles-noShadow-132"
            >
              <a
                href="https://www.amazon.co.uk/Camelbak-53622-CamelBak-eddy-75L/dp/B00NTYIHNQ"
                rel="noopener noreferrer"
                target="_blank"
              >
                <img
                  alt=".."
                  className="makeStyles-productImage-3"
                  src="https://images-na.ssl-images-amazon.com/images/I/61J1m1AOrVL._SY879_.jpg"
                />
              </a>
              <a
                href="https://www.amazon.co.uk/Camelbak-53622-CamelBak-eddy-75L/dp/B00NTYIHNQ"
                rel="noopener noreferrer"
                target="_blank"
              >
                <h4
                  className="makeStyles-cardTitle-4"
                >
                  Camelbak
                </h4>
              </a>
              <div
                className="makeStyles-description-5"
              >
                BPA Free Eddy Outdoor Bottle.
              </div>
              <div
                className="makeStyles-priceContainer-6"
              >
                <span
                  className="makeStyles-price-7"
                >
                   
                  £11.95
                </span>
              </div>
            </div>
            <div
              className="makeStyles-cardBody-141 makeStyles-cardBodyPlain-143"
            >
              <button
                className="MuiButtonBase-root MuiButton-root MuiButton-text makeStyles-button-148 makeStyles-primary-150"
                disabled={false}
                onBlur={[Function]}
                onDragLeave={[Function]}
                onFocus={[Function]}
                onKeyDown={[Function]}
                onKeyUp={[Function]}
                onMouseDown={[Function]}
                onMouseLeave={[Function]}
                onMouseUp={[Function]}
                onTouchEnd={[Function]}
                onTouchMove={[Function]}
                onTouchStart={[Function]}
                tabIndex={0}
                type="button"
              >
                <span
                  className="MuiButton-label"
                >
                  <i
                    className="fab fa-amazon"
                  />
                   Buy Now
                </span>
              </button>
              <button
                className="MuiButtonBase-root MuiButton-root MuiButton-text makeStyles-button-148 makeStyles-info-152"
                disabled={false}
                onBlur={[Function]}
                onDragLeave={[Function]}
                onFocus={[Function]}
                onKeyDown={[Function]}
                onKeyUp={[Function]}
                onMouseDown={[Function]}
                onMouseLeave={[Function]}
                onMouseUp={[Function]}
                onTouchEnd={[Function]}
                onTouchMove={[Function]}
                onTouchStart={[Function]}
                tabIndex={0}
                type="button"
              >
                <span
                  className="MuiButton-label"
                >
                  <svg
                    aria-hidden="true"
                    className="MuiSvgIcon-root"
                    focusable="false"
                    role="presentation"
                    viewBox="0 0 24 24"
                  >
                    <path
                      d="M14 10H2v2h12v-2zm0-4H2v2h12V6zm4 8v-4h-2v4h-4v2h4v4h2v-4h4v-2h-4zM2 16h8v-2H2v2z"
                    />
                  </svg>
                   Add To List
                </span>
              </button>
            </div>
          </div>
        </div>
      </div>
    </div>
  </div>
</div>
`;
