// Jest Snapshot v1, https://goo.gl/fbAQLP

exports[`Renders SimilarArticles component. 1`] = `
<div
  className="makeStyles-section-1"
>
  <div
    className="MuiGrid-root makeStyles-grid-8  MuiGrid-container MuiGrid-justify-xs-center"
  >
    <div
      className="MuiGrid-root makeStyles-grid-112  MuiGrid-item MuiGrid-grid-xs-12 MuiGrid-grid-sm-10 MuiGrid-grid-md-10"
    >
      <h3
        className="makeStyles-title-2"
      >
        Shop The Story
      </h3>
      <div
        className="MuiGrid-root makeStyles-grid-8  MuiGrid-container"
      >
        <div
          className="MuiGrid-root makeStyles-grid-112  MuiGrid-item MuiGrid-grid-sm-4 MuiGrid-grid-md-4"
        >
          <div
            className="makeStyles-card-113 makeStyles-cardPlain-114 makeStyles-cardProduct-121"
          >
            <div
              className="makeStyles-cardHeader-128 makeStyles-cardHeaderImage-130 makeStyles-noShadow-131"
            >
              <a
                href="https://www.johnlewis.com/john-lewis-partners-safari-hooded-towel-and-mitt-white/p3382355"
                rel="noopener noreferrer"
                target="_blank"
              >
                <img
                  alt=".."
                  className="makeStyles-productImage-3"
                  src="https://johnlewis.scene7.com/is/image/JohnLewis/237170008?$rsp-pdp-port-640$"
                />
              </a>
            </div>
            <div
              className="makeStyles-cardBody-140 makeStyles-cardBodyPlain-142"
            >
              <a
                href="https://www.johnlewis.com/john-lewis-partners-safari-hooded-towel-and-mitt-white/p3382355"
                rel="noopener noreferrer"
                target="_blank"
              >
                <h4
                  className="makeStyles-cardTitle-4"
                >
                  John Lewis & Partners
                </h4>
              </a>
              <p
                className="makeStyles-description-5"
              >
                Safari Hooded Towel and Mitt, White.
              </p>
              <div
                className="makeStyles-priceContainer-6"
              >
                <span
                  className="makeStyles-price-7"
                >
                   
                  £16.50
                </span>
              </div>
            </div>
          </div>
        </div>
        <div
          className="MuiGrid-root makeStyles-grid-112  MuiGrid-item MuiGrid-grid-sm-4 MuiGrid-grid-md-4"
        >
          <div
            className="makeStyles-card-113 makeStyles-cardPlain-114 makeStyles-cardProduct-121"
          >
            <div
              className="makeStyles-cardHeader-128 makeStyles-cardHeaderImage-130 makeStyles-noShadow-131"
            >
              <a
                href="https://www.amazon.co.uk/Aveeno-Baby-Daily-Care-Cleansing/dp/B01IW7YMDS"
                rel="noopener noreferrer"
                target="_blank"
              >
                <img
                  alt=".."
                  className="makeStyles-productImage-3"
                  src="https://images-na.ssl-images-amazon.com/images/I/81rlToC4wtL._SX466_.jpg"
                />
              </a>
            </div>
            <div
              className="makeStyles-cardBody-140 makeStyles-cardBodyPlain-142"
            >
              <a
                href="https://www.amazon.co.uk/Aveeno-Baby-Daily-Care-Cleansing/dp/B01IW7YMDS"
                rel="noopener noreferrer"
                target="_blank"
              >
                <h4
                  className="makeStyles-cardTitle-4"
                >
                  Aveeno Baby
                </h4>
              </a>
              <p
                className="makeStyles-description-5"
              >
                Daily Care Cleansing Milk, 300 ml.
              </p>
              <div
                className="makeStyles-priceContainer-6"
              >
                <span
                  className="makeStyles-price-7"
                >
                   
                  £8.04
                </span>
              </div>
            </div>
          </div>
        </div>
      </div>
      <br />
    </div>
  </div>
</div>
`;
