// Jest Snapshot v1, https://goo.gl/fbAQLP

exports[`Renders SimilarArticles component. 1`] = `
<div
  className="makeStyles-sectionSimilarLists-2"
>
  <div
    className="makeStyles-container-1"
  >
    <div
      className="MuiGrid-root makeStyles-grid-9  MuiGrid-container"
    >
      <div
        className="MuiGrid-root makeStyles-grid-113  MuiGrid-item MuiGrid-grid-md-12"
      >
        <h2
          className="makeStyles-title-4 makeStyles-textCenter-3"
        >
          Similar Articles
        </h2>
        <br />
        <div
          className="MuiGrid-root makeStyles-grid-9  MuiGrid-container"
        >
          <div
            className="MuiGrid-root makeStyles-grid-113  MuiGrid-item MuiGrid-grid-xs-12 MuiGrid-grid-sm-4 MuiGrid-grid-md-4"
          >
            <div
              className="makeStyles-card-114 makeStyles-cardBlog-117"
            >
              <div
                className="makeStyles-cardHeader-129 makeStyles-cardHeaderImage-131"
              >
                <a
                  href="/list-ideas/baby-travel-gear"
                >
                  <img
                    alt="..."
                    className="makeStyles-listImage-8"
                    src="baby-travel-gear.jpg"
                  />
                </a>
                <div
                  className="makeStyles-coloredShadow-6"
                  style={
                    Object {
                      "backgroundImage": "url(baby-travel-gear.jpg)",
                      "opacity": "1",
                    }
                  }
                />
              </div>
              <div
                className="makeStyles-cardBody-141"
              >
                <div
                  className="makeStyles-defaultFontStyle-148 makeStyles-infoText-155"
                >
                  <h6>
                    TRAVEL
                  </h6>
                </div>
                <h4
                  className="makeStyles-cardTitle-5"
                >
                  <a
                    href="/list-ideas/baby-travel-gear"
                  >
                    Travel Gear
                  </a>
                </h4>
                <p
                  className="makeStyles-description-7"
                >
                  Our favourite buggies, travel cots and other gear which make travelling with your little ones hassle free.
                  <a
                    href="/list-ideas/baby-travel-gear"
                  >
                     Read Article 
                  </a>
                </p>
              </div>
            </div>
          </div>
          <div
            className="MuiGrid-root makeStyles-grid-113  MuiGrid-item MuiGrid-grid-xs-12 MuiGrid-grid-sm-4 MuiGrid-grid-md-4"
          >
            <div
              className="makeStyles-card-114 makeStyles-cardBlog-117"
            >
              <div
                className="makeStyles-cardHeader-129 makeStyles-cardHeaderImage-131"
              >
                <a
                  href="/list-ideas/hospital-bag-checklist"
                >
                  <img
                    alt="..."
                    className="makeStyles-listImage-8"
                    src="hospital-bag-checklist.jpg"
                  />
                </a>
                <div
                  className="makeStyles-coloredShadow-6"
                  style={
                    Object {
                      "backgroundImage": "url(hospital-bag-checklist.jpg)",
                      "opacity": "1",
                    }
                  }
                />
              </div>
              <div
                className="makeStyles-cardBody-141"
              >
                <div
                  className="makeStyles-defaultFontStyle-148 makeStyles-infoText-155"
                >
                  <h6>
                    MATERNITY
                  </h6>
                </div>
                <h4
                  className="makeStyles-cardTitle-5"
                >
                  <a
                    href="/list-ideas/hospital-bag-checklist"
                  >
                    Hospital Bag
                  </a>
                </h4>
                <p
                  className="makeStyles-description-7"
                >
                  Make sure you're all set with everything you need for the all important hospital bag.
                  <a
                    href="/list-ideas/hospital-bag-checklist"
                  >
                     Read Article 
                  </a>
                </p>
              </div>
            </div>
          </div>
        </div>
      </div>
    </div>
  </div>
</div>
`;
