// Jest Snapshot v1, https://goo.gl/fbAQLP

exports[`Renders RecentArticles component. 1`] = `
<div
  className="makeStyles-section-3"
>
  <div
    className="MuiGrid-root makeStyles-grid-10  MuiGrid-container"
  >
    <div
      className="MuiGrid-root makeStyles-grid-114 makeStyles-mlAuto-1 makeStyles-mrAuto-2 MuiGrid-item MuiGrid-grid-xs-12 MuiGrid-grid-sm-10 MuiGrid-grid-md-10"
    >
      <div>
        <div
          className="makeStyles-card-115 makeStyles-cardPlain-116 makeStyles-cardBlog-118"
        >
          <div
            className="MuiGrid-root makeStyles-grid-10  MuiGrid-container"
          >
            <div
              className="MuiGrid-root makeStyles-grid-114  MuiGrid-item MuiGrid-grid-xs-12 MuiGrid-grid-sm-7 MuiGrid-grid-md-7"
            >
              <div
                className="makeStyles-defaultFontStyle-130 makeStyles-dangerText-140"
              >
                <h6
                  className="makeStyles-cardCategory-5"
                >
                  <a
                    href="/listideas/christmasfortoddlers"
                  >
                    Christmas Ideas
                  </a>
                </h6>
              </div>
              <h3
                className="makeStyles-cardTitle-4"
              >
                <a
                  href="/listideas/christmasfortoddlers"
                >
                  Great Christmas ideas for toddlers and young children.
                </a>
              </h3>
              <p
                className="makeStyles-description1-6"
              >
                If you are stuck wondering what to get a toddler for Christmas, here are some of our favourite ideas! Toddlers love to mimic adults and join in ‘helping’ with every day tasks. Here are some great ideas to encourage role play...
                <a
                  href="/listideas/christmasfortoddlers"
                >
                   
                  Read More
                   
                </a>
              </p>
            </div>
            <div
              className="MuiGrid-root makeStyles-grid-114  MuiGrid-item MuiGrid-grid-xs-12 MuiGrid-grid-sm-5 MuiGrid-grid-md-5"
            >
              <div
                className="makeStyles-cardHeader-143 makeStyles-cardHeaderPlain-144 makeStyles-cardHeaderImage-145"
              >
                <a
                  href="/listideas/christmasfortoddlers"
                >
                  <img
                    alt="..."
                    className="makeStyles-rightImage-9"
                    src="christmastoddlers.jpg"
                  />
                </a>
                <div
                  style={
                    Object {
                      "backgroundImage": "url(christmastoddlers.jpg)",
                      "opacity": "1",
                    }
                  }
                />
              </div>
            </div>
          </div>
        </div>
      </div>
      <div>
        <div
          className="makeStyles-card-115 makeStyles-cardPlain-116 makeStyles-cardBlog-118"
        >
          <div
            className="MuiGrid-root makeStyles-grid-10  MuiGrid-container"
          >
            <div
              className="MuiGrid-root makeStyles-grid-114  MuiGrid-item MuiGrid-grid-xs-12 MuiGrid-grid-sm-5 MuiGrid-grid-md-5"
            >
              <div
                className="makeStyles-cardHeader-143 makeStyles-cardHeaderPlain-144 makeStyles-cardHeaderImage-145"
              >
                <a
                  href="/listideas/travelgear"
                >
                  <img
                    alt="..."
                    className="makeStyles-leftImage-7"
                    src="travelgear.jpg"
                  />
                </a>
                <div
                  style={
                    Object {
                      "backgroundImage": "url(travelgear.jpg)",
                      "opacity": "1",
                    }
                  }
                />
              </div>
            </div>
            <div
              className="MuiGrid-root makeStyles-grid-114  MuiGrid-item MuiGrid-grid-xs-12 MuiGrid-grid-sm-7 MuiGrid-grid-md-7"
            >
              <div
                className="makeStyles-defaultFontStyle-155 makeStyles-infoText-162"
              >
                <h6
                  className="makeStyles-cardCategory-5"
                >
                  <a
                    href="/listideas/travelgear"
                  >
                    Travel Gear
                  </a>
                </h6>
              </div>
              <h3
                className="makeStyles-cardTitle-4"
              >
                <a
                  href="/listideas/travelgear"
                >
                  Great items to make travelling with your little ones no fuss!
                </a>
              </h3>
              <p
                className="makeStyles-description1-6"
              >
                The compact stroller/buggy is one of the most useful items for travelling. They are handy for all sorts, such as effortlessly moving around the city hopping on and off public transport, taking with you through the airport, or just keeping in the car...
                <a
                  href="/listideas/travelgear"
                >
                   
                  Read More
                   
                </a>
              </p>
            </div>
            <div
              className="MuiGrid-root makeStyles-grid-114  MuiGrid-item MuiGrid-grid-xs-12 MuiGrid-grid-sm-5 MuiGrid-grid-md-5"
            >
              <div
                className="makeStyles-cardHeader-143 makeStyles-cardHeaderPlain-144 makeStyles-cardHeaderImage-145"
              >
                <a
                  href="/listideas/travelgear"
                >
                  <img
                    alt="..."
                    className="makeStyles-leftImageMobile-8"
                    src="travelgear.jpg"
                  />
                </a>
                <div
                  style={
                    Object {
                      "backgroundImage": "url(travelgear.jpg)",
                      "opacity": "1",
                    }
                  }
                />
              </div>
            </div>
          </div>
        </div>
      </div>
    </div>
  </div>
</div>
`;
