// Jest Snapshot v1, https://goo.gl/fbAQLP

exports[`renders amazon button 1`] = `
<button
  className="MuiButtonBase-root MuiButton-root MuiButton-text makeStyles-button-1 makeStyles-amazon-33 makeStyles-round-28 makeStyles-justIcon-31"
  disabled={false}
  onBlur={[Function]}
  onDragLeave={[Function]}
  onFocus={[Function]}
  onKeyDown={[Function]}
  onKeyUp={[Function]}
  onMouseDown={[Function]}
  onMouseLeave={[Function]}
  onMouseUp={[Function]}
  onTouchEnd={[Function]}
  onTouchMove={[Function]}
  onTouchStart={[Function]}
  tabIndex={0}
  type="button"
>
  <span
    className="MuiButton-label"
  >
    <i
      className="fab fa-amazon"
    />
  </span>
</button>
`;
