// Jest Snapshot v1, https://goo.gl/fbAQLP

exports[`renders amazon button 1`] = `
<div
  className="makeStyles-addList-1"
>
  <div>
    <div>
      <div
        className="makeStyles-centerButton-3"
      >
        <button
          className="MuiButtonBase-root MuiButton-root MuiButton-text makeStyles-button-5 makeStyles-lg-30 makeStyles-info-9 makeStyles-round-32 makeStyles-justIcon-35"
          disabled={false}
          onBlur={[Function]}
          onDragLeave={[Function]}
          onFocus={[Function]}
          onKeyDown={[Function]}
          onKeyUp={[Function]}
          onMouseDown={[Function]}
          onMouseLeave={[Function]}
          onMouseUp={[Function]}
          onTouchEnd={[Function]}
          onTouchMove={[Function]}
          onTouchStart={[Function]}
          tabIndex={0}
          type="button"
        >
          <span
            className="MuiButton-label"
          >
            <svg
              aria-hidden="true"
              className="MuiSvgIcon-root"
              focusable="false"
              role="presentation"
              viewBox="0 0 24 24"
            >
              <path
                d="M14 10H2v2h12v-2zm0-4H2v2h12V6zm4 8v-4h-2v4h-4v2h4v4h2v-4h4v-2h-4zM2 16h8v-2H2v2z"
              />
            </svg>
          </span>
        </button>
      </div>
      <p
        className="makeStyles-cardDescription-2"
      >
        Create a New List
      </p>
    </div>
  </div>
</div>
`;
