// Jest Snapshot v1, https://goo.gl/fbAQLP

exports[`Renders FooterGrey component. 1`] = `
<div>
  <div />
  <footer
    className="makeStyles-footer-12 makeStyles-footer-7"
  >
    <div
      className="makeStyles-container-18"
    >
       
      <div>
        <div
          className="makeStyles-left-4"
        >
          <ul
            className="MuiList-root makeStyles-list-3 MuiList-padding"
          >
            <li
              className="MuiListItem-root makeStyles-inlineBlock-2 MuiListItem-gutters"
              disabled={false}
            >
              <a
                className="makeStyles-block-1"
                href="/"
              >
                Â© 
                2020
                 ewelists
              </a>
            </li>
            <li
              className="MuiListItem-root makeStyles-inlineBlock-2 MuiListItem-gutters"
              disabled={false}
            >
              <a
                className="makeStyles-block-1"
                href="/contact"
              >
                Contact Us
              </a>
            </li>
            <li
              className="MuiListItem-root makeStyles-inlineBlock-2 MuiListItem-gutters"
              disabled={false}
            >
              <a
                className="makeStyles-block-1"
                href="/#about"
              >
                About us
              </a>
            </li>
            <li
              className="MuiListItem-root makeStyles-inlineBlock-2 MuiListItem-gutters"
              disabled={false}
            >
              <a
                className="makeStyles-block-1"
                href="/privacy"
              >
                Privacy
              </a>
            </li>
            <li
              className="MuiListItem-root makeStyles-inlineBlock-2 MuiListItem-gutters"
              disabled={false}
            >
              <a
                className="makeStyles-block-1"
                href="/terms"
              >
                Terms
              </a>
            </li>
          </ul>
        </div>
        <div
          className="makeStyles-rightLinks-8"
        >
          <ul>
            <li>
              <a
                aria-disabled={false}
                className="MuiButtonBase-root MuiButton-root MuiButton-text makeStyles-button-44 makeStyles-facebook-55 makeStyles-simple-66 makeStyles-justIcon-74"
                href="https://www.facebook.com/ewelists"
                onBlur={[Function]}
                onDragLeave={[Function]}
                onFocus={[Function]}
                onKeyDown={[Function]}
                onKeyUp={[Function]}
                onMouseDown={[Function]}
                onMouseLeave={[Function]}
                onMouseUp={[Function]}
                onTouchEnd={[Function]}
                onTouchMove={[Function]}
                onTouchStart={[Function]}
                tabIndex={0}
                target="_blank"
              >
                <span
                  className="MuiButton-label"
                >
                  <i
                    className="fab fa-facebook"
                  />
                </span>
              </a>
            </li>
            <li>
              <a
                aria-disabled={false}
                className="MuiButtonBase-root MuiButton-root MuiButton-text makeStyles-button-44 makeStyles-twitter-54 makeStyles-simple-66 makeStyles-justIcon-74"
                href="https://twitter.com/ewelists"
                onBlur={[Function]}
                onDragLeave={[Function]}
                onFocus={[Function]}
                onKeyDown={[Function]}
                onKeyUp={[Function]}
                onMouseDown={[Function]}
                onMouseLeave={[Function]}
                onMouseUp={[Function]}
                onTouchEnd={[Function]}
                onTouchMove={[Function]}
                onTouchStart={[Function]}
                tabIndex={0}
                target="_blank"
              >
                <span
                  className="MuiButton-label"
                >
                  <i
                    className="fab fa-twitter"
                  />
                </span>
              </a>
            </li>
            <li>
              <a
                aria-disabled={false}
                className="MuiButtonBase-root MuiButton-root MuiButton-text makeStyles-button-44 makeStyles-instagram-65 makeStyles-simple-66 makeStyles-justIcon-74"
                href="https://www.instagram.com/ewelists/"
                onBlur={[Function]}
                onDragLeave={[Function]}
                onFocus={[Function]}
                onKeyDown={[Function]}
                onKeyUp={[Function]}
                onMouseDown={[Function]}
                onMouseLeave={[Function]}
                onMouseUp={[Function]}
                onTouchEnd={[Function]}
                onTouchMove={[Function]}
                onTouchStart={[Function]}
                tabIndex={0}
                target="_blank"
              >
                <span
                  className="MuiButton-label"
                >
                  <i
                    className="fab fa-instagram"
                  />
                </span>
              </a>
            </li>
          </ul>
        </div>
      </div>
      <div
        className="makeStyles-clearFix-28"
      />
    </div>
  </footer>
</div>
`;
