// Jest Snapshot v1, https://goo.gl/fbAQLP

exports[`Renders FootDark component. 1`] = `
<div>
  <footer
    className="makeStyles-footer-10 makeStyles-dark-14 makeStyles-big-11"
  >
    <div
      className="makeStyles-container-16"
    >
      <div>
        <div
          className="makeStyles-content-12"
        >
          <div
            className="MuiGrid-root makeStyles-grid-27  MuiGrid-container"
          >
            <div
              className="MuiGrid-root makeStyles-grid-131  MuiGrid-item MuiGrid-grid-xs-12 MuiGrid-grid-sm-8 MuiGrid-grid-md-8"
            >
              <h4
                id="about"
              >
                About Us
              </h4>
              <p>
                Ewelists is an online gift list tool, focused on helping new and expectant parents. Our goal is simple, to make creating a gift list for your little one's special occasion, such as baby shower, first birthday or Christmas faster and easier.
                 
              </p>
              <p>
                We started by building the tool we would want to use, but would also love to hear your ideas. If you have any suggestions please contact us!
                 
              </p>
            </div>
            <div
              className="MuiGrid-root makeStyles-grid-131  MuiGrid-item MuiGrid-grid-xs-12 MuiGrid-grid-sm-4 MuiGrid-grid-md-4"
            >
              <h4>
                Follow Us
              </h4>
              <ul
                className="makeStyles-socialButtons-6"
              >
                <li>
                  <a
                    aria-disabled={false}
                    className="MuiButtonBase-root MuiButton-root MuiButton-text makeStyles-button-132 makeStyles-facebook-143 makeStyles-simple-154 makeStyles-justIcon-162"
                    href="https://www.facebook.com/ewelists"
                    onBlur={[Function]}
                    onDragLeave={[Function]}
                    onFocus={[Function]}
                    onKeyDown={[Function]}
                    onKeyUp={[Function]}
                    onMouseDown={[Function]}
                    onMouseLeave={[Function]}
                    onMouseUp={[Function]}
                    onTouchEnd={[Function]}
                    onTouchMove={[Function]}
                    onTouchStart={[Function]}
                    tabIndex={0}
                    target="_blank"
                  >
                    <span
                      className="MuiButton-label"
                    >
                      <i
                        className="fab fa-facebook-square"
                      />
                    </span>
                  </a>
                </li>
                <li>
                  <a
                    aria-disabled={false}
                    className="MuiButtonBase-root MuiButton-root MuiButton-text makeStyles-button-132 makeStyles-twitter-142 makeStyles-simple-154 makeStyles-justIcon-162"
                    href="https://twitter.com/ewelists"
                    onBlur={[Function]}
                    onDragLeave={[Function]}
                    onFocus={[Function]}
                    onKeyDown={[Function]}
                    onKeyUp={[Function]}
                    onMouseDown={[Function]}
                    onMouseLeave={[Function]}
                    onMouseUp={[Function]}
                    onTouchEnd={[Function]}
                    onTouchMove={[Function]}
                    onTouchStart={[Function]}
                    tabIndex={0}
                    target="_blank"
                  >
                    <span
                      className="MuiButton-label"
                    >
                      <i
                        className="fab fa-twitter"
                      />
                    </span>
                  </a>
                </li>
                <li>
                  <a
                    aria-disabled={false}
                    className="MuiButtonBase-root MuiButton-root MuiButton-text makeStyles-button-132 makeStyles-instagram-153 makeStyles-simple-154 makeStyles-justIcon-162"
                    href="https://www.instagram.com/ewelists/"
                    onBlur={[Function]}
                    onDragLeave={[Function]}
                    onFocus={[Function]}
                    onKeyDown={[Function]}
                    onKeyUp={[Function]}
                    onMouseDown={[Function]}
                    onMouseLeave={[Function]}
                    onMouseUp={[Function]}
                    onTouchEnd={[Function]}
                    onTouchMove={[Function]}
                    onTouchStart={[Function]}
                    tabIndex={0}
                    target="_blank"
                  >
                    <span
                      className="MuiButton-label"
                    >
                      <i
                        className="fab fa-instagram"
                      />
                    </span>
                  </a>
                </li>
              </ul>
            </div>
          </div>
        </div>
        <hr />
      </div>
      <div>
        <div
          className="makeStyles-left-4"
        >
          <ul
            className="MuiList-root makeStyles-list-3 MuiList-padding"
          >
            <li
              className="MuiListItem-root makeStyles-inlineBlock-2 MuiListItem-gutters"
              disabled={false}
            >
              <a
                className="makeStyles-block-1"
                href="/contact"
              >
                Contact Us
              </a>
            </li>
            <li
              className="MuiListItem-root makeStyles-inlineBlock-2 MuiListItem-gutters"
              disabled={false}
            >
              <a
                className="makeStyles-block-1"
                href="/#about"
              >
                About us
              </a>
            </li>
            <li
              className="MuiListItem-root makeStyles-inlineBlock-2 MuiListItem-gutters"
              disabled={false}
            >
              <a
                className="makeStyles-block-1"
                href="/privacy"
              >
                Privacy
              </a>
            </li>
            <li
              className="MuiListItem-root makeStyles-inlineBlock-2 MuiListItem-gutters"
              disabled={false}
            >
              <a
                className="makeStyles-block-1"
                href="/terms"
              >
                Terms
              </a>
            </li>
          </ul>
        </div>
        <div
          className="makeStyles-right-5"
        >
          Â© 
          2020
           ewelists
        </div>
      </div>
      <div
        className="makeStyles-clearFix-26"
      />
    </div>
  </footer>
</div>
`;
