// Jest Snapshot v1, https://goo.gl/fbAQLP

exports[`Login Page Snapshots Renders empty form of login page 1`] = `
<div>
  <div>
    <header
      className="MuiPaper-root MuiAppBar-root MuiAppBar-positionFixed makeStyles-appBar-41 makeStyles-transparent-53 makeStyles-fixed-43 MuiAppBar-colorPrimary mui-fixed MuiPaper-elevation4"
    >
      <div
        className="MuiToolbar-root MuiToolbar-regular makeStyles-container-44 MuiToolbar-gutters"
      >
        <button
          className="MuiButtonBase-root MuiButton-root MuiButton-text makeStyles-title-45"
          disabled={false}
          onBlur={[Function]}
          onDragLeave={[Function]}
          onFocus={[Function]}
          onKeyDown={[Function]}
          onKeyUp={[Function]}
          onMouseDown={[Function]}
          onMouseLeave={[Function]}
          onMouseUp={[Function]}
          onTouchEnd={[Function]}
          onTouchMove={[Function]}
          onTouchStart={[Function]}
          tabIndex={0}
          type="button"
        >
          <span
            className="MuiButton-label"
          >
            <a
              href="/"
              onClick={[Function]}
            >
              <img
                alt="logo"
                className="makeStyles-logo-40"
                src="logo-white.png"
              />
            </a>
          </span>
          <span
            className="MuiTouchRipple-root"
          />
        </button>
        <div
          className="makeStyles-hidden-57 PrivateHiddenCss-smDown-139"
        >
          <div
            className="makeStyles-collapse-58"
          >
            <ul
              className="MuiList-root makeStyles-list-149 makeStyles-mlAuto-165 MuiList-padding"
            >
              <li
                className="MuiListItem-root makeStyles-listItem-150 MuiListItem-gutters"
                disabled={false}
              >
                <a
                  className="makeStyles-navLink-152"
                  href="/list-ideas"
                  onClick={[Function]}
                >
                  Gift List Ideas
                </a>
              </li>
              <li
                className="MuiListItem-root makeStyles-listItem-150 MuiListItem-gutters"
                disabled={false}
              >
                <a
                  className="makeStyles-navLink-152"
                  href="/login"
                  onClick={[Function]}
                >
                  Log In
                </a>
              </li>
              <li
                className="MuiListItem-root makeStyles-listItem-150 MuiListItem-gutters"
                disabled={false}
              >
                <a
                  className="makeStyles-navLink-152"
                  href="/signup"
                  onClick={[Function]}
                >
                  Sign Up
                </a>
              </li>
            </ul>
          </div>
        </div>
      </div>
    </header>
  </div>
  <div
    className="makeStyles-pageHeader-4"
    style={
      Object {
        "backgroundImage": "url(sheep-with-shoes.jpg)",
        "backgroundPosition": "top center",
        "backgroundSize": "cover",
      }
    }
  >
    <div
      className="makeStyles-container-3"
    >
      <div
        className="MuiGrid-root makeStyles-grid-181  MuiGrid-container MuiGrid-justify-xs-center"
      >
        <div
          className="MuiGrid-root makeStyles-grid-285  MuiGrid-item MuiGrid-grid-xs-12 MuiGrid-grid-sm-10 MuiGrid-grid-md-6"
        >
          <div
            className="makeStyles-card-286 makeStyles-cardLogin-19"
          >
            <div
              className="makeStyles-cardHeader-301 makeStyles-infoCardHeader-310 makeStyles-cardHeaderSignup-306 makeStyles-cardHeader-6"
            >
              <h4
                className="makeStyles-cardTitle-2"
              >
                Login
              </h4>
              <div
                className="makeStyles-socialLine-7"
              >
                <button
                  className="MuiButtonBase-root MuiButton-root MuiButton-text makeStyles-button-313 makeStyles-transparent-336 makeStyles-justIcon-343 makeStyles-iconButtons-10"
                  disabled={false}
                  onBlur={[Function]}
                  onClick={[Function]}
                  onDragLeave={[Function]}
                  onFocus={[Function]}
                  onKeyDown={[Function]}
                  onKeyUp={[Function]}
                  onMouseDown={[Function]}
                  onMouseLeave={[Function]}
                  onMouseUp={[Function]}
                  onTouchEnd={[Function]}
                  onTouchMove={[Function]}
                  onTouchStart={[Function]}
                  tabIndex={0}
                  type="button"
                >
                  <span
                    className="MuiButton-label"
                  >
                    <i
                      className="fab fa-amazon"
                    />
                  </span>
                  <span
                    className="MuiTouchRipple-root"
                  />
                </button>
                <button
                  className="MuiButtonBase-root MuiButton-root MuiButton-text makeStyles-button-313 makeStyles-transparent-336 makeStyles-justIcon-343 makeStyles-iconButtons-10"
                  disabled={false}
                  onBlur={[Function]}
                  onClick={[Function]}
                  onDragLeave={[Function]}
                  onFocus={[Function]}
                  onKeyDown={[Function]}
                  onKeyUp={[Function]}
                  onMouseDown={[Function]}
                  onMouseLeave={[Function]}
                  onMouseUp={[Function]}
                  onTouchEnd={[Function]}
                  onTouchMove={[Function]}
                  onTouchStart={[Function]}
                  tabIndex={0}
                  type="button"
                >
                  <span
                    className="MuiButton-label"
                  >
                    <i
                      className="fab fa-google"
                    />
                  </span>
                  <span
                    className="MuiTouchRipple-root"
                  />
                </button>
                <button
                  className="MuiButtonBase-root MuiButton-root MuiButton-text makeStyles-button-313 makeStyles-transparent-336 makeStyles-justIcon-343 makeStyles-iconButtons-10"
                  disabled={false}
                  onBlur={[Function]}
                  onClick={[Function]}
                  onDragLeave={[Function]}
                  onFocus={[Function]}
                  onKeyDown={[Function]}
                  onKeyUp={[Function]}
                  onMouseDown={[Function]}
                  onMouseLeave={[Function]}
                  onMouseUp={[Function]}
                  onTouchEnd={[Function]}
                  onTouchMove={[Function]}
                  onTouchStart={[Function]}
                  tabIndex={0}
                  type="button"
                >
                  <span
                    className="MuiButton-label"
                  >
                    <i
                      className="fab fa-facebook"
                    />
                  </span>
                  <span
                    className="MuiTouchRipple-root"
                  />
                </button>
              </div>
            </div>
            <p
              className="makeStyles-description-1 makeStyles-textCenter-9"
            >
              Or log in with email
            </p>
            <div
              className="makeStyles-cardBody-345 makeStyles-cardSignup-350"
            >
              <form
                className="makeStyles-form-5"
                onSubmit={[Function]}
              >
                <div
                  className="MuiFormControl-root makeStyles-formControl-360 MuiFormControl-fullWidth"
                  onChange={[Function]}
                  value=""
                >
                  <div
                    className="MuiInputBase-root MuiInput-root MuiInput-underline makeStyles-underline-353 MuiInputBase-formControl MuiInput-formControl MuiInputBase-adornedStart"
                    onClick={[Function]}
                  >
                    <div
                      className="MuiInputAdornment-root MuiInputAdornment-positionStart"
                    >
                      <svg
                        aria-hidden="true"
                        className="MuiSvgIcon-root makeStyles-inputIconsColor-8"
                        focusable="false"
                        role="presentation"
                        viewBox="0 0 24 24"
                      >
                        <path
                          d="M20 4H4c-1.1 0-1.99.9-1.99 2L2 18c0 1.1.9 2 2 2h16c1.1 0 2-.9 2-2V6c0-1.1-.9-2-2-2zm0 4l-8 5-8-5V6l8 5 8-5v2z"
                        />
                      </svg>
                    </div>
                    <input
                      aria-invalid={false}
                      className="MuiInputBase-input MuiInput-input makeStyles-input-362 MuiInputBase-inputAdornedStart"
                      disabled={false}
                      id="email"
                      onAnimationStart={[Function]}
                      onBlur={[Function]}
                      onChange={[Function]}
                      onFocus={[Function]}
                      placeholder="Email..."
                      required={false}
                      type="email"
                    />
                  </div>
                </div>
                <div
                  className="MuiFormControl-root makeStyles-formControl-360 MuiFormControl-fullWidth"
                  onChange={[Function]}
                  value=""
                >
                  <div
                    className="MuiInputBase-root MuiInput-root MuiInput-underline makeStyles-underline-353 MuiInputBase-formControl MuiInput-formControl MuiInputBase-adornedStart"
                    onClick={[Function]}
                  >
                    <div
                      className="MuiInputAdornment-root MuiInputAdornment-positionStart"
                    >
                      <span
                        aria-hidden={true}
                        className="material-icons MuiIcon-root makeStyles-inputIconsColor-8"
                      >
                        lock_utline
                      </span>
                    </div>
                    <input
                      aria-invalid={false}
                      autoComplete="off"
                      className="MuiInputBase-input MuiInput-input makeStyles-input-362 MuiInputBase-inputAdornedStart"
                      disabled={false}
                      id="password"
                      onAnimationStart={[Function]}
                      onBlur={[Function]}
                      onChange={[Function]}
                      onFocus={[Function]}
                      placeholder="Password"
                      required={false}
                      type="password"
                    />
                  </div>
                </div>
                <div>
                  <a
                    className="makeStyles-link-20"
                    href="/login/reset"
                  >
                    Forgot your password?
                  </a>
                </div>
                <div
                  className="makeStyles-textCenter-9"
                >
                  <button
                    className="MuiButtonBase-root MuiButton-root MuiButton-text makeStyles-button-313 makeStyles-info-317 makeStyles-round-340 makeStyles-disabled-337"
                    disabled={false}
                    onBlur={[Function]}
                    onDragLeave={[Function]}
                    onFocus={[Function]}
                    onKeyDown={[Function]}
                    onKeyUp={[Function]}
                    onMouseDown={[Function]}
                    onMouseLeave={[Function]}
                    onMouseUp={[Function]}
                    onTouchEnd={[Function]}
                    onTouchMove={[Function]}
                    onTouchStart={[Function]}
                    tabIndex={0}
                    type="submit"
                  >
                    <span
                      className="MuiButton-label"
                    >
                      Login
                    </span>
                    <span
                      className="MuiTouchRipple-root"
                    />
                  </button>
                </div>
              </form>
            </div>
          </div>
        </div>
      </div>
    </div>
    <footer
      className="makeStyles-footer-439 makeStyles-footer-433"
    >
      <div
        className="makeStyles-container-445"
      >
         
        <div>
          <div
            className="makeStyles-left-430"
          >
            <ul
              className="MuiList-root makeStyles-list-429 MuiList-padding"
            >
              <li
                className="MuiListItem-root makeStyles-inlineBlock-428 MuiListItem-gutters"
                disabled={false}
              >
                <a
                  className="makeStyles-block-427"
                  href="/"
                >
                  © 
                  2020
                   ewelists
                </a>
              </li>
              <li
                className="MuiListItem-root makeStyles-inlineBlock-428 MuiListItem-gutters"
                disabled={false}
              >
                <a
                  className="makeStyles-block-427"
                  href="/contact"
                >
                  Contact Us
                </a>
              </li>
              <li
                className="MuiListItem-root makeStyles-inlineBlock-428 MuiListItem-gutters"
                disabled={false}
              >
                <a
                  className="makeStyles-block-427"
                  href="/#about"
                >
                  About us
                </a>
              </li>
              <li
                className="MuiListItem-root makeStyles-inlineBlock-428 MuiListItem-gutters"
                disabled={false}
              >
                <a
                  className="makeStyles-block-427"
                  href="/privacy"
                >
                  Privacy
                </a>
              </li>
              <li
                className="MuiListItem-root makeStyles-inlineBlock-428 MuiListItem-gutters"
                disabled={false}
              >
                <a
                  className="makeStyles-block-427"
                  href="/terms"
                >
                  Terms
                </a>
              </li>
            </ul>
          </div>
          <div
            className="makeStyles-rightLinks-435"
          >
            <ul>
              <li>
                <a
                  aria-disabled={false}
                  className="MuiButtonBase-root MuiButton-root MuiButton-text makeStyles-button-313 makeStyles-simple-335 makeStyles-justIcon-343"
                  href="https://www.facebook.com/ewelists"
                  onBlur={[Function]}
                  onDragLeave={[Function]}
                  onFocus={[Function]}
                  onKeyDown={[Function]}
                  onKeyUp={[Function]}
                  onMouseDown={[Function]}
                  onMouseLeave={[Function]}
                  onMouseUp={[Function]}
                  onTouchEnd={[Function]}
                  onTouchMove={[Function]}
                  onTouchStart={[Function]}
                  tabIndex={0}
                  target="_blank"
                >
                  <span
                    className="MuiButton-label"
                  >
                    <i
                      className="fab fa-facebook"
                    />
                  </span>
                  <span
                    className="MuiTouchRipple-root"
                  />
                </a>
              </li>
              <li>
                <a
                  aria-disabled={false}
                  className="MuiButtonBase-root MuiButton-root MuiButton-text makeStyles-button-313 makeStyles-simple-335 makeStyles-justIcon-343"
                  href="https://twitter.com/ewelists"
                  onBlur={[Function]}
                  onDragLeave={[Function]}
                  onFocus={[Function]}
                  onKeyDown={[Function]}
                  onKeyUp={[Function]}
                  onMouseDown={[Function]}
                  onMouseLeave={[Function]}
                  onMouseUp={[Function]}
                  onTouchEnd={[Function]}
                  onTouchMove={[Function]}
                  onTouchStart={[Function]}
                  tabIndex={0}
                  target="_blank"
                >
                  <span
                    className="MuiButton-label"
                  >
                    <i
                      className="fab fa-twitter"
                    />
                  </span>
                  <span
                    className="MuiTouchRipple-root"
                  />
                </a>
              </li>
              <li>
                <a
                  aria-disabled={false}
                  className="MuiButtonBase-root MuiButton-root MuiButton-text makeStyles-button-313 makeStyles-simple-335 makeStyles-justIcon-343"
                  href="https://www.instagram.com/ewelists/"
                  onBlur={[Function]}
                  onDragLeave={[Function]}
                  onFocus={[Function]}
                  onKeyDown={[Function]}
                  onKeyUp={[Function]}
                  onMouseDown={[Function]}
                  onMouseLeave={[Function]}
                  onMouseUp={[Function]}
                  onTouchEnd={[Function]}
                  onTouchMove={[Function]}
                  onTouchStart={[Function]}
                  tabIndex={0}
                  target="_blank"
                >
                  <span
                    className="MuiButton-label"
                  >
                    <i
                      className="fab fa-instagram"
                    />
                  </span>
                  <span
                    className="MuiTouchRipple-root"
                  />
                </a>
              </li>
            </ul>
          </div>
        </div>
        <div
          className="makeStyles-clearFix-455"
        />
      </div>
    </footer>
  </div>
</div>
`;
