// Jest Snapshot v1, https://goo.gl/fbAQLP

exports[`Renders HeaderLinks component, when user is not authenticated. 1`] = `
<ul
  className="MuiList-root makeStyles-list-1 makeStyles-mlAuto-17 MuiList-padding"
>
  <li
    className="MuiListItem-root makeStyles-listItem-2 MuiListItem-gutters"
    disabled={false}
  >
    <a
      className="makeStyles-navLink-4"
      href="/list-ideas"
      onClick={[Function]}
    >
      Gift List Ideas
    </a>
  </li>
  <li
    className="MuiListItem-root makeStyles-listItem-2 MuiListItem-gutters"
    disabled={false}
  >
    <a
      className="makeStyles-navLink-4"
      href="/login"
      onClick={[Function]}
    >
      Log In
    </a>
  </li>
  <li
    className="MuiListItem-root makeStyles-listItem-2 MuiListItem-gutters"
    disabled={false}
  >
    <a
      className="makeStyles-navLink-4"
      href="/signup"
      onClick={[Function]}
    >
      Sign Up
    </a>
  </li>
</ul>
`;
